2026-10-03T09:59:15.067Z
feed www.bing.com (8) -> www.bing.com
feed www.bing.com (6) -> www.bing.com
feed news.google.com (0) -> 
EG article 6 hits: http://www.bing.com/news/apiclick.aspx?ref=FexRss&aid=&tid=6ac0d1debde64f8a98508
EG skip: 403 http://www.bing.com/news/apiclick.aspx?ref=FexRss&aid=&t
EG skip: 403 http://www.bing.com/news/apiclick.aspx?ref=FexRss&aid=&t
EG skip: 403 http://www.bing.com/news/apiclick.aspx?ref=FexRss&aid=&t
EG skip: 403 http://www.bing.com/news/apiclick.aspx?ref=FexRss&aid=&t
EG article 6 hits: http://www.bing.com/news/apiclick.aspx?ref=FexRss&aid=&tid=6ac0d1debde64f8a98508
EG skip: 403 http://www.bing.com/news/apiclick.aspx?ref=FexRss&aid=&t
EG article 6 hits: http://www.bing.com/news/apiclick.aspx?ref=FexRss&aid=&tid=6ac0d1debde64f8a98508
EG article 6 hits: http://www.bing.com/news/apiclick.aspx?ref=FexRss&aid=&tid=6ac0d1de912f48ceb1046
EG skip: 403 http://www.bing.com/news/apiclick.aspx?ref=FexRss&aid=&t
EG skip: 403 http://www.bing.com/news/apiclick.aspx?ref=FexRss&aid=&t
EG skip: 403 http://www.bing.com/news/apiclick.aspx?ref=FexRss&aid=&t
feed www.bing.com (8) -> www.bing.com
feed www.bing.com (2) -> www.bing.com
feed news.google.com (0) -> 
cement 4 hits: http://www.bing.com/news/apiclick.aspx?ref=FexRss&aid=&tid=6ac0d1e3e5984ff1a82cc
cement 0 hits: http://www.bing.com/news/apiclick.aspx?ref=FexRss&aid=&tid=6ac0d1e3e5984ff1a82cc
cement skip: 403 http://www.bing.com/news/apiclick.aspx?ref=FexRss&aid=&t
cement 4 hits: http://www.bing.com/news/apiclick.aspx?ref=FexRss&aid=&tid=6ac0d1e3e5984ff1a82cc
cement skip: 403 http://www.bing.com/news/apiclick.aspx?ref=FexRss&aid=&t
cement 0 hits: http://www.bing.com/news/apiclick.aspx?ref=FexRss&aid=&tid=6ac0d1e3e5984ff1a82cc
cement 0 hits: http://www.bing.com/news/apiclick.aspx?ref=FexRss&aid=&tid=6ac0d1e3e5984ff1a82cc
cement 1 hits: http://www.bing.com/news/apiclick.aspx?ref=FexRss&aid=&tid=6ac0d1e3e5984ff1a82cc
cement 0 hits: http://www.bing.com/news/apiclick.aspx?ref=FexRss&aid=&tid=6ac0d1e39b924adbbfa2f
cement 0 hits: http://www.bing.com/news/apiclick.aspx?ref=FexRss&aid=&tid=6ac0d1e39b924adbbfa2f
AE shop حديد الإمارات 12مم: 4692
AE shop حديد الإمارات 16مم: 4965
SA shop الراجحي: 3141
SA shop سابك: 3260
feed www.bing.com (2) -> www.bing.com
feed www.bing.com (10) -> www.bing.com
feed news.google.com (0) -> 
EG diesel skip: 403 http://www.bing.com/news/apiclick.aspx?ref=FexRss&aid=&tid=6ac0d1ea2e3944e8b1b76ce57525e7fe&url=https%3a%2f%2fwww.mobtada.com%2feconomy%2f1655336%2f%25D8%25A3%25D8%25B3%25D8%25B9%25D8%25A7%25D8%25B1-%25D8%25A7%25D9%2584%25D8%25A8%25D9%2586%25D8%25B2%25D9%258A%25D9%2586-%25D9%2588%25D8%25A7%25D9%2584%25D8%25B3%25D9%2588%25D9%2584%25D8%25A7%25D8%25B1-%25D8%25A7%25D9%2584%25D9%258A%25D9%2588%25D9%2585-%25D8%25A7%25D9%2584%25D8%25AE%25D9%2585%25D9%258A%25D8%25B3-%25D9%2581%25D9%258A-%25D9%2585%25D8%25B5%25D8%25B1-%25D8%25AA%25D8%25B9%25D8%25B1%25D9%2581-%25D8%25B9%25D9%2584%25D9%2589-%25D8%25A7%25D9%2584%25D9%2582%25D8%25A7%25D8%25A6%25D9%2585%25D8%25A9-%25D8%25A7%25D9%2584%25D9%2583%25D8%25A7%25D9%2585%25D9%2584%25D8%25A9&c=1025849109166565873&mkt=ar-eg
EG diesel skip: 403 http://www.bing.com/news/apiclick.aspx?ref=FexRss&aid=&tid=6ac0d1ea2e3944e8b1b76ce57525e7fe&url=https%3a%2f%2fwww.mobtada.com%2feconomy%2f1655673%2f%25D8%25A3%25D8%25B3%25D8%25B9%25D8%25A7%25D8%25B1-%25D8%25A7%25D9%2584%25D8%25A8%25D9%2586%25D8%25B2%25D9%258A%25D9%2586-%25D9%2588%25D8%25A7%25D9%2584%25D8%25B3%25D9%2588%25D9%2584%25D8%25A7%25D8%25B1-%25D9%2588%25D8%25A3%25D9%2586%25D8%25A8%25D9%2588%25D8%25A8%25D8%25A9-%25D8%25A7%25D9%2584%25D8%25A8%25D9%2588%25D8%25AA%25D8%25A7%25D8%25AC%25D8%25A7%25D8%25B2-%25D8%25A7%25D9%2584%25D9%258A%25D9%2588%25D9%2585-%25D8%25A7%25D9%2584%25D8%25B3%25D8%25A8%25D8%25AA-%25D8%25A7%25D9%2584%25D9%2582%25D8%25A7%25D8%25A6%25D9%2585%25D8%25A9-%25D8%25A7%25D9%2584%25D8%25B1%25D8%25B3%25D9%2585%25D9%258A%25D8%25A9-%25D9%2588%25D8%25AA%25D9%2583%25D9%2584%25D9%2581%25D8%25A9-%25D8%25AA%25D9%2581%25D9%2588%25D9%258A%25D9%2584%25D8%25A9-%25D8%25A7%25D9%2584%25D8%25B3%25D9%258A%25D8%25A7%25D8%25B1%25D8%25A9&c=14569144003283833846&mkt=ar-eg
EG diesel hits 20.5,20.5,20.5: http://www.bing.com/news/apiclick.aspx?ref=FexRss&aid=&tid=6ac0d1ea743
EG diesel skip: 403 http://www.bing.com/news/apiclick.aspx?ref=FexRss&aid=&tid=6ac0d1ea743742a88c8db57293b112d2&url=https%3a%2f%2fwww.elmostaqbal.com%2f868167%2f%25d8%25a3%25d8%25b3%25d8%25b9%25d8%25a7%25d8%25b1-%25d8%25a7%25d9%2584%25d8%25a8%25d9%2586%25d8%25b2%25d9%258a%25d9%2586-%25d9%2588%25d8%25a7%25d9%2584%25d8%25b3%25d9%2588%25d9%2584%25d8%25a7%25d8%25b1-%25d8%25a7%25d9%2584%25d9%258a%25d9%2588%25d9%2585-%25d8%25a7%25d9%2584%25d8%25b3%25d8%25a8%25d8%25aa-3-%25d8%25a3%25d9%2583%2f&c=10871164139769387925&mkt=ar-eg
EG diesel hits 20.5,30: http://www.bing.com/news/apiclick.aspx?ref=FexRss&aid=&tid=6ac0d1ea743
feed www.bing.com (1) -> www.bing.com
feed www.bing.com (0) -> 
feed news.google.com (0) -> 
feed news.google.com (0) -> 
AE diesel: not enough data
feed www.bing.com (0) -> 
feed news.google.com (0) -> 
SA diesel: not enough data
IN steel 2 prices: https://www.ofbusiness.com/prices/mild-steel/primary-tmt
IN diesel 95.2: https://upstox.com/diesel-price/diesel-price-in-delhi/
IN diesel 95.2: https://www.cardekho.com/diesel-price
CHANGED=1 date=2026-10-03 auto={"EG":"steel:39750,cement:3800,diesel:20.5","AE":"steel:3240","SA":"steel:3200","IN":"steel:73750,diesel:95.2"}
